// Jest Snapshot v1, https://goo.gl/fbAQLP

exports[`Text Field should render basic text field 1`] = `
<div>
  <input
    autocomplete="off"
    class="w-full my-2 p-2 outline-none rounded-md border-2 border-gray-300"
    data-testid="login-username-input"
    placeholder="username"
    value="username"
  />
</div>
`;
