// Jest Snapshot v1, https://goo.gl/fbAQLP

exports[`Logout should navigate to login page after clearing session 1`] = `
<div>
  <div
    data-testid="react-router-navigator"
  >
    <div
      data-testid="navigate-to"
    >
      /mimock-ui
    </div>
    <div
      data-testid="navigate-replace"
    >
      true
    </div>
  </div>
</div>
`;

exports[`Logout should show full page loader when session cleanup is in progress 1`] = `
<body>
  <div />
</body>
`;
