// Jest Snapshot v1, https://goo.gl/fbAQLP

exports[`AddUserForm InputFieldErrors show max error for name 1`] = `
<div>
  <form
    class="w-11/12 pl-32"
    data-testid="add-user-form"
  >
    <div
      class="flex items-center align-middle my-8"
      data-testid="input-container-name"
    >
      <label
        class="w-1/5 font-sans font-bold subpixel-antialiased text-lg text-gray-600"
      >
        Name
      </label>
      <div
        class="block h-12 min-h-12 max-h-12"
      >
        <input
          class="block px-3 py-1.5 text-base font-normal text-gray-700 bg-zinc-50 bg-clip-padding border border-solid rounded mx-4 focus:outline-blue-200 border-2 border-rose-300"
          data-testid="input-name"
          name="name"
          placeholder="Enter name"
          type="text"
        />
        <div
          class="text-red-500 text-xs font-sans subpixel-antialiased mx-4 w-64 absolute"
          data-testid="input-error-name"
        >
          Name must be at most 24 characters
        </div>
      </div>
    </div>
    <div
      class="flex items-center align-middle my-8"
      data-testid="input-container-userName"
    >
      <label
        class="w-1/5 font-sans font-bold subpixel-antialiased text-lg text-gray-600"
      >
        Username
      </label>
      <div
        class="block h-12 min-h-12 max-h-12"
      >
        <input
          class="block px-3 py-1.5 text-base font-normal text-gray-700 bg-zinc-50 bg-clip-padding border border-solid rounded mx-4 focus:outline-blue-200 border-gray-300"
          data-testid="input-userName"
          name="userName"
          placeholder="Enter username"
          type="text"
        />
      </div>
    </div>
    <div
      class="flex items-center align-middle my-8"
      data-testid="input-container-password"
    >
      <label
        class="w-1/5 font-sans font-bold subpixel-antialiased text-lg text-gray-600"
      >
        Password
      </label>
      <div
        class="block h-12 min-h-12 max-h-12"
      >
        <input
          class="block px-3 py-1.5 text-base font-normal text-gray-700 bg-zinc-50 bg-clip-padding border border-solid rounded mx-4 focus:outline-blue-200 border-gray-300"
          data-testid="input-password"
          name="password"
          placeholder="Enter password"
          type="password"
        />
      </div>
      <div
        class="block h-12 min-h-12 max-h-12"
      >
        <input
          class="block px-3 py-1.5 text-base font-normal text-gray-700 bg-zinc-50 bg-clip-padding border border-solid rounded mx-4 focus:outline-blue-200 border-gray-300"
          data-testid="input-confirmPassword"
          name="confirmPassword"
          placeholder="Confirm password"
          type="password"
        />
      </div>
    </div>
    <div
      class="flex items-center align-middle my-8"
      data-testid="input-container-role"
    >
      <label
        class="w-1/5 font-sans font-bold subpixel-antialiased text-lg text-gray-600"
      >
        User role
      </label>
      <div
        class="w-1/2 flex items-center align-middle mx-4"
      >
        <select
          class="font-sans rounded-md shadow-md font-semibold p-2 border-2 border-gray-200 outline-none"
          data-testid="input-role"
        >
          <option
            data-testid="options"
            selected=""
            value="ADMIN"
          >
            ADMIN
          </option>
          <option
            data-testid="options"
            value="MANAGER"
          >
            MANAGER
          </option>
          <option
            data-testid="options"
            value="VIEWER"
          >
            VIEWER
          </option>
        </select>
        <button
          aria-label="No description available"
          class="MuiButtonBase-root MuiIconButton-root MuiIconButton-sizeMedium css-78trlr-MuiButtonBase-root-MuiIconButton-root"
          data-mui-internal-clone-element="true"
          data-testid="user-role-tooltip"
          tabindex="0"
          type="button"
        >
          <svg
            class="text-gray-500 text-2xl"
            fill="currentColor"
            height="1em"
            stroke="currentColor"
            stroke-width="0"
            viewBox="0 0 16 16"
            width="1em"
            xmlns="http://www.w3.org/2000/svg"
          >
            <path
              d="M8 15A7 7 0 1 1 8 1a7 7 0 0 1 0 14zm0 1A8 8 0 1 0 8 0a8 8 0 0 0 0 16z"
            />
            <path
              d="M5.255 5.786a.237.237 0 0 0 .241.247h.825c.138 0 .248-.113.266-.25.09-.656.54-1.134 1.342-1.134.686 0 1.314.343 1.314 1.168 0 .635-.374.927-.965 1.371-.673.489-1.206 1.06-1.168 1.987l.003.217a.25.25 0 0 0 .25.246h.811a.25.25 0 0 0 .25-.25v-.105c0-.718.273-.927 1.01-1.486.609-.463 1.244-.977 1.244-2.056 0-1.511-1.276-2.241-2.673-2.241-1.267 0-2.655.59-2.75 2.286zm1.557 5.763c0 .533.425.927 1.01.927.609 0 1.028-.394 1.028-.927 0-.552-.42-.94-1.029-.94-.584 0-1.009.388-1.009.94z"
            />
          </svg>
          <span
            class="MuiTouchRipple-root css-8je8zh-MuiTouchRipple-root"
          />
        </button>
      </div>
    </div>
    <div
      class="flex w-1/2 my-20 flex-row gap-4"
    >
      <button
        class="px-9 py-2 shadow-md rounded-md text-center text-base font-semibold cursor-pointer hover:brightness-105 outline-none text-white w-1/4 md:w-1/3 lg:w-1/4 xl:w-1/4 sm:w-1/2 bg-teal-400"
        data-testid="add-user-submit-button"
      >
        Submit
      </button>
      <button
        class="px-9 py-2 shadow-md rounded-md text-center text-base font-semibold cursor-pointer hover:brightness-105 outline-none text-white w-1/4 md:w-1/3 lg:w-1/4 xl:w-1/4 sm:w-1/2 bg-rose-500"
        data-testid="add-user-reset-button"
      >
        Reset
      </button>
    </div>
  </form>
</div>
`;

exports[`AddUserForm InputFieldErrors show max error for password 1`] = `
<div>
  <form
    class="w-11/12 pl-32"
    data-testid="add-user-form"
  >
    <div
      class="flex items-center align-middle my-8"
      data-testid="input-container-name"
    >
      <label
        class="w-1/5 font-sans font-bold subpixel-antialiased text-lg text-gray-600"
      >
        Name
      </label>
      <div
        class="block h-12 min-h-12 max-h-12"
      >
        <input
          class="block px-3 py-1.5 text-base font-normal text-gray-700 bg-zinc-50 bg-clip-padding border border-solid rounded mx-4 focus:outline-blue-200 border-gray-300"
          data-testid="input-name"
          name="name"
          placeholder="Enter name"
          type="text"
        />
      </div>
    </div>
    <div
      class="flex items-center align-middle my-8"
      data-testid="input-container-userName"
    >
      <label
        class="w-1/5 font-sans font-bold subpixel-antialiased text-lg text-gray-600"
      >
        Username
      </label>
      <div
        class="block h-12 min-h-12 max-h-12"
      >
        <input
          class="block px-3 py-1.5 text-base font-normal text-gray-700 bg-zinc-50 bg-clip-padding border border-solid rounded mx-4 focus:outline-blue-200 border-gray-300"
          data-testid="input-userName"
          name="userName"
          placeholder="Enter username"
          type="text"
        />
      </div>
    </div>
    <div
      class="flex items-center align-middle my-8"
      data-testid="input-container-password"
    >
      <label
        class="w-1/5 font-sans font-bold subpixel-antialiased text-lg text-gray-600"
      >
        Password
      </label>
      <div
        class="block h-12 min-h-12 max-h-12"
      >
        <input
          class="block px-3 py-1.5 text-base font-normal text-gray-700 bg-zinc-50 bg-clip-padding border border-solid rounded mx-4 focus:outline-blue-200 border-2 border-rose-300"
          data-testid="input-password"
          name="password"
          placeholder="Enter password"
          type="password"
        />
        <div
          class="text-red-500 text-xs font-sans subpixel-antialiased mx-4 w-64 absolute"
          data-testid="input-error-password"
        >
          Password must be at most 128 characters
        </div>
      </div>
      <div
        class="block h-12 min-h-12 max-h-12"
      >
        <input
          class="block px-3 py-1.5 text-base font-normal text-gray-700 bg-zinc-50 bg-clip-padding border border-solid rounded mx-4 focus:outline-blue-200 border-gray-300"
          data-testid="input-confirmPassword"
          name="confirmPassword"
          placeholder="Confirm password"
          type="password"
        />
      </div>
    </div>
    <div
      class="flex items-center align-middle my-8"
      data-testid="input-container-role"
    >
      <label
        class="w-1/5 font-sans font-bold subpixel-antialiased text-lg text-gray-600"
      >
        User role
      </label>
      <div
        class="w-1/2 flex items-center align-middle mx-4"
      >
        <select
          class="font-sans rounded-md shadow-md font-semibold p-2 border-2 border-gray-200 outline-none"
          data-testid="input-role"
        >
          <option
            data-testid="options"
            selected=""
            value="ADMIN"
          >
            ADMIN
          </option>
          <option
            data-testid="options"
            value="MANAGER"
          >
            MANAGER
          </option>
          <option
            data-testid="options"
            value="VIEWER"
          >
            VIEWER
          </option>
        </select>
        <button
          aria-label="No description available"
          class="MuiButtonBase-root MuiIconButton-root MuiIconButton-sizeMedium css-78trlr-MuiButtonBase-root-MuiIconButton-root"
          data-mui-internal-clone-element="true"
          data-testid="user-role-tooltip"
          tabindex="0"
          type="button"
        >
          <svg
            class="text-gray-500 text-2xl"
            fill="currentColor"
            height="1em"
            stroke="currentColor"
            stroke-width="0"
            viewBox="0 0 16 16"
            width="1em"
            xmlns="http://www.w3.org/2000/svg"
          >
            <path
              d="M8 15A7 7 0 1 1 8 1a7 7 0 0 1 0 14zm0 1A8 8 0 1 0 8 0a8 8 0 0 0 0 16z"
            />
            <path
              d="M5.255 5.786a.237.237 0 0 0 .241.247h.825c.138 0 .248-.113.266-.25.09-.656.54-1.134 1.342-1.134.686 0 1.314.343 1.314 1.168 0 .635-.374.927-.965 1.371-.673.489-1.206 1.06-1.168 1.987l.003.217a.25.25 0 0 0 .25.246h.811a.25.25 0 0 0 .25-.25v-.105c0-.718.273-.927 1.01-1.486.609-.463 1.244-.977 1.244-2.056 0-1.511-1.276-2.241-2.673-2.241-1.267 0-2.655.59-2.75 2.286zm1.557 5.763c0 .533.425.927 1.01.927.609 0 1.028-.394 1.028-.927 0-.552-.42-.94-1.029-.94-.584 0-1.009.388-1.009.94z"
            />
          </svg>
          <span
            class="MuiTouchRipple-root css-8je8zh-MuiTouchRipple-root"
          />
        </button>
      </div>
    </div>
    <div
      class="flex w-1/2 my-20 flex-row gap-4"
    >
      <button
        class="px-9 py-2 shadow-md rounded-md text-center text-base font-semibold cursor-pointer hover:brightness-105 outline-none text-white w-1/4 md:w-1/3 lg:w-1/4 xl:w-1/4 sm:w-1/2 bg-teal-400"
        data-testid="add-user-submit-button"
      >
        Submit
      </button>
      <button
        class="px-9 py-2 shadow-md rounded-md text-center text-base font-semibold cursor-pointer hover:brightness-105 outline-none text-white w-1/4 md:w-1/3 lg:w-1/4 xl:w-1/4 sm:w-1/2 bg-rose-500"
        data-testid="add-user-reset-button"
      >
        Reset
      </button>
    </div>
  </form>
</div>
`;

exports[`AddUserForm InputFieldErrors show max error for username 1`] = `
<div>
  <form
    class="w-11/12 pl-32"
    data-testid="add-user-form"
  >
    <div
      class="flex items-center align-middle my-8"
      data-testid="input-container-name"
    >
      <label
        class="w-1/5 font-sans font-bold subpixel-antialiased text-lg text-gray-600"
      >
        Name
      </label>
      <div
        class="block h-12 min-h-12 max-h-12"
      >
        <input
          class="block px-3 py-1.5 text-base font-normal text-gray-700 bg-zinc-50 bg-clip-padding border border-solid rounded mx-4 focus:outline-blue-200 border-gray-300"
          data-testid="input-name"
          name="name"
          placeholder="Enter name"
          type="text"
        />
      </div>
    </div>
    <div
      class="flex items-center align-middle my-8"
      data-testid="input-container-userName"
    >
      <label
        class="w-1/5 font-sans font-bold subpixel-antialiased text-lg text-gray-600"
      >
        Username
      </label>
      <div
        class="block h-12 min-h-12 max-h-12"
      >
        <input
          class="block px-3 py-1.5 text-base font-normal text-gray-700 bg-zinc-50 bg-clip-padding border border-solid rounded mx-4 focus:outline-blue-200 border-2 border-rose-300"
          data-testid="input-userName"
          name="userName"
          placeholder="Enter username"
          type="text"
        />
        <div
          class="text-red-500 text-xs font-sans subpixel-antialiased mx-4 w-64 absolute"
          data-testid="input-error-userName"
        >
          Username must be at most 24 characters
        </div>
      </div>
    </div>
    <div
      class="flex items-center align-middle my-8"
      data-testid="input-container-password"
    >
      <label
        class="w-1/5 font-sans font-bold subpixel-antialiased text-lg text-gray-600"
      >
        Password
      </label>
      <div
        class="block h-12 min-h-12 max-h-12"
      >
        <input
          class="block px-3 py-1.5 text-base font-normal text-gray-700 bg-zinc-50 bg-clip-padding border border-solid rounded mx-4 focus:outline-blue-200 border-gray-300"
          data-testid="input-password"
          name="password"
          placeholder="Enter password"
          type="password"
        />
      </div>
      <div
        class="block h-12 min-h-12 max-h-12"
      >
        <input
          class="block px-3 py-1.5 text-base font-normal text-gray-700 bg-zinc-50 bg-clip-padding border border-solid rounded mx-4 focus:outline-blue-200 border-gray-300"
          data-testid="input-confirmPassword"
          name="confirmPassword"
          placeholder="Confirm password"
          type="password"
        />
      </div>
    </div>
    <div
      class="flex items-center align-middle my-8"
      data-testid="input-container-role"
    >
      <label
        class="w-1/5 font-sans font-bold subpixel-antialiased text-lg text-gray-600"
      >
        User role
      </label>
      <div
        class="w-1/2 flex items-center align-middle mx-4"
      >
        <select
          class="font-sans rounded-md shadow-md font-semibold p-2 border-2 border-gray-200 outline-none"
          data-testid="input-role"
        >
          <option
            data-testid="options"
            selected=""
            value="ADMIN"
          >
            ADMIN
          </option>
          <option
            data-testid="options"
            value="MANAGER"
          >
            MANAGER
          </option>
          <option
            data-testid="options"
            value="VIEWER"
          >
            VIEWER
          </option>
        </select>
        <button
          aria-label="No description available"
          class="MuiButtonBase-root MuiIconButton-root MuiIconButton-sizeMedium css-78trlr-MuiButtonBase-root-MuiIconButton-root"
          data-mui-internal-clone-element="true"
          data-testid="user-role-tooltip"
          tabindex="0"
          type="button"
        >
          <svg
            class="text-gray-500 text-2xl"
            fill="currentColor"
            height="1em"
            stroke="currentColor"
            stroke-width="0"
            viewBox="0 0 16 16"
            width="1em"
            xmlns="http://www.w3.org/2000/svg"
          >
            <path
              d="M8 15A7 7 0 1 1 8 1a7 7 0 0 1 0 14zm0 1A8 8 0 1 0 8 0a8 8 0 0 0 0 16z"
            />
            <path
              d="M5.255 5.786a.237.237 0 0 0 .241.247h.825c.138 0 .248-.113.266-.25.09-.656.54-1.134 1.342-1.134.686 0 1.314.343 1.314 1.168 0 .635-.374.927-.965 1.371-.673.489-1.206 1.06-1.168 1.987l.003.217a.25.25 0 0 0 .25.246h.811a.25.25 0 0 0 .25-.25v-.105c0-.718.273-.927 1.01-1.486.609-.463 1.244-.977 1.244-2.056 0-1.511-1.276-2.241-2.673-2.241-1.267 0-2.655.59-2.75 2.286zm1.557 5.763c0 .533.425.927 1.01.927.609 0 1.028-.394 1.028-.927 0-.552-.42-.94-1.029-.94-.584 0-1.009.388-1.009.94z"
            />
          </svg>
          <span
            class="MuiTouchRipple-root css-8je8zh-MuiTouchRipple-root"
          />
        </button>
      </div>
    </div>
    <div
      class="flex w-1/2 my-20 flex-row gap-4"
    >
      <button
        class="px-9 py-2 shadow-md rounded-md text-center text-base font-semibold cursor-pointer hover:brightness-105 outline-none text-white w-1/4 md:w-1/3 lg:w-1/4 xl:w-1/4 sm:w-1/2 bg-teal-400"
        data-testid="add-user-submit-button"
      >
        Submit
      </button>
      <button
        class="px-9 py-2 shadow-md rounded-md text-center text-base font-semibold cursor-pointer hover:brightness-105 outline-none text-white w-1/4 md:w-1/3 lg:w-1/4 xl:w-1/4 sm:w-1/2 bg-rose-500"
        data-testid="add-user-reset-button"
      >
        Reset
      </button>
    </div>
  </form>
</div>
`;

exports[`AddUserForm InputFieldErrors show min error for name 1`] = `
<div>
  <form
    class="w-11/12 pl-32"
    data-testid="add-user-form"
  >
    <div
      class="flex items-center align-middle my-8"
      data-testid="input-container-name"
    >
      <label
        class="w-1/5 font-sans font-bold subpixel-antialiased text-lg text-gray-600"
      >
        Name
      </label>
      <div
        class="block h-12 min-h-12 max-h-12"
      >
        <input
          class="block px-3 py-1.5 text-base font-normal text-gray-700 bg-zinc-50 bg-clip-padding border border-solid rounded mx-4 focus:outline-blue-200 border-2 border-rose-300"
          data-testid="input-name"
          name="name"
          placeholder="Enter name"
          type="text"
        />
        <div
          class="text-red-500 text-xs font-sans subpixel-antialiased mx-4 w-64 absolute"
          data-testid="input-error-name"
        >
          Name must be at least 4 characters
        </div>
      </div>
    </div>
    <div
      class="flex items-center align-middle my-8"
      data-testid="input-container-userName"
    >
      <label
        class="w-1/5 font-sans font-bold subpixel-antialiased text-lg text-gray-600"
      >
        Username
      </label>
      <div
        class="block h-12 min-h-12 max-h-12"
      >
        <input
          class="block px-3 py-1.5 text-base font-normal text-gray-700 bg-zinc-50 bg-clip-padding border border-solid rounded mx-4 focus:outline-blue-200 border-gray-300"
          data-testid="input-userName"
          name="userName"
          placeholder="Enter username"
          type="text"
        />
      </div>
    </div>
    <div
      class="flex items-center align-middle my-8"
      data-testid="input-container-password"
    >
      <label
        class="w-1/5 font-sans font-bold subpixel-antialiased text-lg text-gray-600"
      >
        Password
      </label>
      <div
        class="block h-12 min-h-12 max-h-12"
      >
        <input
          class="block px-3 py-1.5 text-base font-normal text-gray-700 bg-zinc-50 bg-clip-padding border border-solid rounded mx-4 focus:outline-blue-200 border-gray-300"
          data-testid="input-password"
          name="password"
          placeholder="Enter password"
          type="password"
        />
      </div>
      <div
        class="block h-12 min-h-12 max-h-12"
      >
        <input
          class="block px-3 py-1.5 text-base font-normal text-gray-700 bg-zinc-50 bg-clip-padding border border-solid rounded mx-4 focus:outline-blue-200 border-gray-300"
          data-testid="input-confirmPassword"
          name="confirmPassword"
          placeholder="Confirm password"
          type="password"
        />
      </div>
    </div>
    <div
      class="flex items-center align-middle my-8"
      data-testid="input-container-role"
    >
      <label
        class="w-1/5 font-sans font-bold subpixel-antialiased text-lg text-gray-600"
      >
        User role
      </label>
      <div
        class="w-1/2 flex items-center align-middle mx-4"
      >
        <select
          class="font-sans rounded-md shadow-md font-semibold p-2 border-2 border-gray-200 outline-none"
          data-testid="input-role"
        >
          <option
            data-testid="options"
            selected=""
            value="ADMIN"
          >
            ADMIN
          </option>
          <option
            data-testid="options"
            value="MANAGER"
          >
            MANAGER
          </option>
          <option
            data-testid="options"
            value="VIEWER"
          >
            VIEWER
          </option>
        </select>
        <button
          aria-label="No description available"
          class="MuiButtonBase-root MuiIconButton-root MuiIconButton-sizeMedium css-78trlr-MuiButtonBase-root-MuiIconButton-root"
          data-mui-internal-clone-element="true"
          data-testid="user-role-tooltip"
          tabindex="0"
          type="button"
        >
          <svg
            class="text-gray-500 text-2xl"
            fill="currentColor"
            height="1em"
            stroke="currentColor"
            stroke-width="0"
            viewBox="0 0 16 16"
            width="1em"
            xmlns="http://www.w3.org/2000/svg"
          >
            <path
              d="M8 15A7 7 0 1 1 8 1a7 7 0 0 1 0 14zm0 1A8 8 0 1 0 8 0a8 8 0 0 0 0 16z"
            />
            <path
              d="M5.255 5.786a.237.237 0 0 0 .241.247h.825c.138 0 .248-.113.266-.25.09-.656.54-1.134 1.342-1.134.686 0 1.314.343 1.314 1.168 0 .635-.374.927-.965 1.371-.673.489-1.206 1.06-1.168 1.987l.003.217a.25.25 0 0 0 .25.246h.811a.25.25 0 0 0 .25-.25v-.105c0-.718.273-.927 1.01-1.486.609-.463 1.244-.977 1.244-2.056 0-1.511-1.276-2.241-2.673-2.241-1.267 0-2.655.59-2.75 2.286zm1.557 5.763c0 .533.425.927 1.01.927.609 0 1.028-.394 1.028-.927 0-.552-.42-.94-1.029-.94-.584 0-1.009.388-1.009.94z"
            />
          </svg>
          <span
            class="MuiTouchRipple-root css-8je8zh-MuiTouchRipple-root"
          />
        </button>
      </div>
    </div>
    <div
      class="flex w-1/2 my-20 flex-row gap-4"
    >
      <button
        class="px-9 py-2 shadow-md rounded-md text-center text-base font-semibold cursor-pointer hover:brightness-105 outline-none text-white w-1/4 md:w-1/3 lg:w-1/4 xl:w-1/4 sm:w-1/2 bg-teal-400"
        data-testid="add-user-submit-button"
      >
        Submit
      </button>
      <button
        class="px-9 py-2 shadow-md rounded-md text-center text-base font-semibold cursor-pointer hover:brightness-105 outline-none text-white w-1/4 md:w-1/3 lg:w-1/4 xl:w-1/4 sm:w-1/2 bg-rose-500"
        data-testid="add-user-reset-button"
      >
        Reset
      </button>
    </div>
  </form>
</div>
`;

exports[`AddUserForm InputFieldErrors show min error for password 1`] = `
<div>
  <form
    class="w-11/12 pl-32"
    data-testid="add-user-form"
  >
    <div
      class="flex items-center align-middle my-8"
      data-testid="input-container-name"
    >
      <label
        class="w-1/5 font-sans font-bold subpixel-antialiased text-lg text-gray-600"
      >
        Name
      </label>
      <div
        class="block h-12 min-h-12 max-h-12"
      >
        <input
          class="block px-3 py-1.5 text-base font-normal text-gray-700 bg-zinc-50 bg-clip-padding border border-solid rounded mx-4 focus:outline-blue-200 border-gray-300"
          data-testid="input-name"
          name="name"
          placeholder="Enter name"
          type="text"
        />
      </div>
    </div>
    <div
      class="flex items-center align-middle my-8"
      data-testid="input-container-userName"
    >
      <label
        class="w-1/5 font-sans font-bold subpixel-antialiased text-lg text-gray-600"
      >
        Username
      </label>
      <div
        class="block h-12 min-h-12 max-h-12"
      >
        <input
          class="block px-3 py-1.5 text-base font-normal text-gray-700 bg-zinc-50 bg-clip-padding border border-solid rounded mx-4 focus:outline-blue-200 border-gray-300"
          data-testid="input-userName"
          name="userName"
          placeholder="Enter username"
          type="text"
        />
      </div>
    </div>
    <div
      class="flex items-center align-middle my-8"
      data-testid="input-container-password"
    >
      <label
        class="w-1/5 font-sans font-bold subpixel-antialiased text-lg text-gray-600"
      >
        Password
      </label>
      <div
        class="block h-12 min-h-12 max-h-12"
      >
        <input
          class="block px-3 py-1.5 text-base font-normal text-gray-700 bg-zinc-50 bg-clip-padding border border-solid rounded mx-4 focus:outline-blue-200 border-2 border-rose-300"
          data-testid="input-password"
          name="password"
          placeholder="Enter password"
          type="password"
        />
        <div
          class="text-red-500 text-xs font-sans subpixel-antialiased mx-4 w-64 absolute"
          data-testid="input-error-password"
        >
          Password must be at least 8 characters
        </div>
      </div>
      <div
        class="block h-12 min-h-12 max-h-12"
      >
        <input
          class="block px-3 py-1.5 text-base font-normal text-gray-700 bg-zinc-50 bg-clip-padding border border-solid rounded mx-4 focus:outline-blue-200 border-gray-300"
          data-testid="input-confirmPassword"
          name="confirmPassword"
          placeholder="Confirm password"
          type="password"
        />
      </div>
    </div>
    <div
      class="flex items-center align-middle my-8"
      data-testid="input-container-role"
    >
      <label
        class="w-1/5 font-sans font-bold subpixel-antialiased text-lg text-gray-600"
      >
        User role
      </label>
      <div
        class="w-1/2 flex items-center align-middle mx-4"
      >
        <select
          class="font-sans rounded-md shadow-md font-semibold p-2 border-2 border-gray-200 outline-none"
          data-testid="input-role"
        >
          <option
            data-testid="options"
            selected=""
            value="ADMIN"
          >
            ADMIN
          </option>
          <option
            data-testid="options"
            value="MANAGER"
          >
            MANAGER
          </option>
          <option
            data-testid="options"
            value="VIEWER"
          >
            VIEWER
          </option>
        </select>
        <button
          aria-label="No description available"
          class="MuiButtonBase-root MuiIconButton-root MuiIconButton-sizeMedium css-78trlr-MuiButtonBase-root-MuiIconButton-root"
          data-mui-internal-clone-element="true"
          data-testid="user-role-tooltip"
          tabindex="0"
          type="button"
        >
          <svg
            class="text-gray-500 text-2xl"
            fill="currentColor"
            height="1em"
            stroke="currentColor"
            stroke-width="0"
            viewBox="0 0 16 16"
            width="1em"
            xmlns="http://www.w3.org/2000/svg"
          >
            <path
              d="M8 15A7 7 0 1 1 8 1a7 7 0 0 1 0 14zm0 1A8 8 0 1 0 8 0a8 8 0 0 0 0 16z"
            />
            <path
              d="M5.255 5.786a.237.237 0 0 0 .241.247h.825c.138 0 .248-.113.266-.25.09-.656.54-1.134 1.342-1.134.686 0 1.314.343 1.314 1.168 0 .635-.374.927-.965 1.371-.673.489-1.206 1.06-1.168 1.987l.003.217a.25.25 0 0 0 .25.246h.811a.25.25 0 0 0 .25-.25v-.105c0-.718.273-.927 1.01-1.486.609-.463 1.244-.977 1.244-2.056 0-1.511-1.276-2.241-2.673-2.241-1.267 0-2.655.59-2.75 2.286zm1.557 5.763c0 .533.425.927 1.01.927.609 0 1.028-.394 1.028-.927 0-.552-.42-.94-1.029-.94-.584 0-1.009.388-1.009.94z"
            />
          </svg>
          <span
            class="MuiTouchRipple-root css-8je8zh-MuiTouchRipple-root"
          />
        </button>
      </div>
    </div>
    <div
      class="flex w-1/2 my-20 flex-row gap-4"
    >
      <button
        class="px-9 py-2 shadow-md rounded-md text-center text-base font-semibold cursor-pointer hover:brightness-105 outline-none text-white w-1/4 md:w-1/3 lg:w-1/4 xl:w-1/4 sm:w-1/2 bg-teal-400"
        data-testid="add-user-submit-button"
      >
        Submit
      </button>
      <button
        class="px-9 py-2 shadow-md rounded-md text-center text-base font-semibold cursor-pointer hover:brightness-105 outline-none text-white w-1/4 md:w-1/3 lg:w-1/4 xl:w-1/4 sm:w-1/2 bg-rose-500"
        data-testid="add-user-reset-button"
      >
        Reset
      </button>
    </div>
  </form>
</div>
`;

exports[`AddUserForm InputFieldErrors show min error for username 1`] = `
<div>
  <form
    class="w-11/12 pl-32"
    data-testid="add-user-form"
  >
    <div
      class="flex items-center align-middle my-8"
      data-testid="input-container-name"
    >
      <label
        class="w-1/5 font-sans font-bold subpixel-antialiased text-lg text-gray-600"
      >
        Name
      </label>
      <div
        class="block h-12 min-h-12 max-h-12"
      >
        <input
          class="block px-3 py-1.5 text-base font-normal text-gray-700 bg-zinc-50 bg-clip-padding border border-solid rounded mx-4 focus:outline-blue-200 border-gray-300"
          data-testid="input-name"
          name="name"
          placeholder="Enter name"
          type="text"
        />
      </div>
    </div>
    <div
      class="flex items-center align-middle my-8"
      data-testid="input-container-userName"
    >
      <label
        class="w-1/5 font-sans font-bold subpixel-antialiased text-lg text-gray-600"
      >
        Username
      </label>
      <div
        class="block h-12 min-h-12 max-h-12"
      >
        <input
          class="block px-3 py-1.5 text-base font-normal text-gray-700 bg-zinc-50 bg-clip-padding border border-solid rounded mx-4 focus:outline-blue-200 border-2 border-rose-300"
          data-testid="input-userName"
          name="userName"
          placeholder="Enter username"
          type="text"
        />
        <div
          class="text-red-500 text-xs font-sans subpixel-antialiased mx-4 w-64 absolute"
          data-testid="input-error-userName"
        >
          Username must be at least 4 characters
        </div>
      </div>
    </div>
    <div
      class="flex items-center align-middle my-8"
      data-testid="input-container-password"
    >
      <label
        class="w-1/5 font-sans font-bold subpixel-antialiased text-lg text-gray-600"
      >
        Password
      </label>
      <div
        class="block h-12 min-h-12 max-h-12"
      >
        <input
          class="block px-3 py-1.5 text-base font-normal text-gray-700 bg-zinc-50 bg-clip-padding border border-solid rounded mx-4 focus:outline-blue-200 border-gray-300"
          data-testid="input-password"
          name="password"
          placeholder="Enter password"
          type="password"
        />
      </div>
      <div
        class="block h-12 min-h-12 max-h-12"
      >
        <input
          class="block px-3 py-1.5 text-base font-normal text-gray-700 bg-zinc-50 bg-clip-padding border border-solid rounded mx-4 focus:outline-blue-200 border-gray-300"
          data-testid="input-confirmPassword"
          name="confirmPassword"
          placeholder="Confirm password"
          type="password"
        />
      </div>
    </div>
    <div
      class="flex items-center align-middle my-8"
      data-testid="input-container-role"
    >
      <label
        class="w-1/5 font-sans font-bold subpixel-antialiased text-lg text-gray-600"
      >
        User role
      </label>
      <div
        class="w-1/2 flex items-center align-middle mx-4"
      >
        <select
          class="font-sans rounded-md shadow-md font-semibold p-2 border-2 border-gray-200 outline-none"
          data-testid="input-role"
        >
          <option
            data-testid="options"
            selected=""
            value="ADMIN"
          >
            ADMIN
          </option>
          <option
            data-testid="options"
            value="MANAGER"
          >
            MANAGER
          </option>
          <option
            data-testid="options"
            value="VIEWER"
          >
            VIEWER
          </option>
        </select>
        <button
          aria-label="No description available"
          class="MuiButtonBase-root MuiIconButton-root MuiIconButton-sizeMedium css-78trlr-MuiButtonBase-root-MuiIconButton-root"
          data-mui-internal-clone-element="true"
          data-testid="user-role-tooltip"
          tabindex="0"
          type="button"
        >
          <svg
            class="text-gray-500 text-2xl"
            fill="currentColor"
            height="1em"
            stroke="currentColor"
            stroke-width="0"
            viewBox="0 0 16 16"
            width="1em"
            xmlns="http://www.w3.org/2000/svg"
          >
            <path
              d="M8 15A7 7 0 1 1 8 1a7 7 0 0 1 0 14zm0 1A8 8 0 1 0 8 0a8 8 0 0 0 0 16z"
            />
            <path
              d="M5.255 5.786a.237.237 0 0 0 .241.247h.825c.138 0 .248-.113.266-.25.09-.656.54-1.134 1.342-1.134.686 0 1.314.343 1.314 1.168 0 .635-.374.927-.965 1.371-.673.489-1.206 1.06-1.168 1.987l.003.217a.25.25 0 0 0 .25.246h.811a.25.25 0 0 0 .25-.25v-.105c0-.718.273-.927 1.01-1.486.609-.463 1.244-.977 1.244-2.056 0-1.511-1.276-2.241-2.673-2.241-1.267 0-2.655.59-2.75 2.286zm1.557 5.763c0 .533.425.927 1.01.927.609 0 1.028-.394 1.028-.927 0-.552-.42-.94-1.029-.94-.584 0-1.009.388-1.009.94z"
            />
          </svg>
          <span
            class="MuiTouchRipple-root css-8je8zh-MuiTouchRipple-root"
          />
        </button>
      </div>
    </div>
    <div
      class="flex w-1/2 my-20 flex-row gap-4"
    >
      <button
        class="px-9 py-2 shadow-md rounded-md text-center text-base font-semibold cursor-pointer hover:brightness-105 outline-none text-white w-1/4 md:w-1/3 lg:w-1/4 xl:w-1/4 sm:w-1/2 bg-teal-400"
        data-testid="add-user-submit-button"
      >
        Submit
      </button>
      <button
        class="px-9 py-2 shadow-md rounded-md text-center text-base font-semibold cursor-pointer hover:brightness-105 outline-none text-white w-1/4 md:w-1/3 lg:w-1/4 xl:w-1/4 sm:w-1/2 bg-rose-500"
        data-testid="add-user-reset-button"
      >
        Reset
      </button>
    </div>
  </form>
</div>
`;

exports[`AddUserForm should call addNewUser api when all inputs are valid 1`] = `
<div>
  <form
    class="w-11/12 pl-32"
    data-testid="add-user-form"
  >
    <div
      class="flex items-center align-middle my-8"
      data-testid="input-container-name"
    >
      <label
        class="w-1/5 font-sans font-bold subpixel-antialiased text-lg text-gray-600"
      >
        Name
      </label>
      <div
        class="block h-12 min-h-12 max-h-12"
      >
        <input
          class="block px-3 py-1.5 text-base font-normal text-gray-700 bg-zinc-50 bg-clip-padding border border-solid rounded mx-4 focus:outline-blue-200 border-gray-300"
          data-testid="input-name"
          name="name"
          placeholder="Enter name"
          type="text"
        />
      </div>
    </div>
    <div
      class="flex items-center align-middle my-8"
      data-testid="input-container-userName"
    >
      <label
        class="w-1/5 font-sans font-bold subpixel-antialiased text-lg text-gray-600"
      >
        Username
      </label>
      <div
        class="block h-12 min-h-12 max-h-12"
      >
        <input
          class="block px-3 py-1.5 text-base font-normal text-gray-700 bg-zinc-50 bg-clip-padding border border-solid rounded mx-4 focus:outline-blue-200 border-gray-300"
          data-testid="input-userName"
          name="userName"
          placeholder="Enter username"
          type="text"
        />
      </div>
    </div>
    <div
      class="flex items-center align-middle my-8"
      data-testid="input-container-password"
    >
      <label
        class="w-1/5 font-sans font-bold subpixel-antialiased text-lg text-gray-600"
      >
        Password
      </label>
      <div
        class="block h-12 min-h-12 max-h-12"
      >
        <input
          class="block px-3 py-1.5 text-base font-normal text-gray-700 bg-zinc-50 bg-clip-padding border border-solid rounded mx-4 focus:outline-blue-200 border-gray-300"
          data-testid="input-password"
          name="password"
          placeholder="Enter password"
          type="password"
        />
      </div>
      <div
        class="block h-12 min-h-12 max-h-12"
      >
        <input
          class="block px-3 py-1.5 text-base font-normal text-gray-700 bg-zinc-50 bg-clip-padding border border-solid rounded mx-4 focus:outline-blue-200 border-gray-300"
          data-testid="input-confirmPassword"
          name="confirmPassword"
          placeholder="Confirm password"
          type="password"
        />
      </div>
    </div>
    <div
      class="flex items-center align-middle my-8"
      data-testid="input-container-role"
    >
      <label
        class="w-1/5 font-sans font-bold subpixel-antialiased text-lg text-gray-600"
      >
        User role
      </label>
      <div
        class="w-1/2 flex items-center align-middle mx-4"
      >
        <select
          class="font-sans rounded-md shadow-md font-semibold p-2 border-2 border-gray-200 outline-none"
          data-testid="input-role"
        >
          <option
            data-testid="options"
            selected=""
            value="ADMIN"
          >
            ADMIN
          </option>
          <option
            data-testid="options"
            value="MANAGER"
          >
            MANAGER
          </option>
          <option
            data-testid="options"
            value="VIEWER"
          >
            VIEWER
          </option>
        </select>
        <button
          aria-label="Manager can create and manage mocks, but cannot manage users"
          class="MuiButtonBase-root MuiIconButton-root MuiIconButton-sizeMedium css-78trlr-MuiButtonBase-root-MuiIconButton-root"
          data-mui-internal-clone-element="true"
          data-testid="user-role-tooltip"
          tabindex="0"
          type="button"
        >
          <svg
            class="text-gray-500 text-2xl"
            fill="currentColor"
            height="1em"
            stroke="currentColor"
            stroke-width="0"
            viewBox="0 0 16 16"
            width="1em"
            xmlns="http://www.w3.org/2000/svg"
          >
            <path
              d="M8 15A7 7 0 1 1 8 1a7 7 0 0 1 0 14zm0 1A8 8 0 1 0 8 0a8 8 0 0 0 0 16z"
            />
            <path
              d="M5.255 5.786a.237.237 0 0 0 .241.247h.825c.138 0 .248-.113.266-.25.09-.656.54-1.134 1.342-1.134.686 0 1.314.343 1.314 1.168 0 .635-.374.927-.965 1.371-.673.489-1.206 1.06-1.168 1.987l.003.217a.25.25 0 0 0 .25.246h.811a.25.25 0 0 0 .25-.25v-.105c0-.718.273-.927 1.01-1.486.609-.463 1.244-.977 1.244-2.056 0-1.511-1.276-2.241-2.673-2.241-1.267 0-2.655.59-2.75 2.286zm1.557 5.763c0 .533.425.927 1.01.927.609 0 1.028-.394 1.028-.927 0-.552-.42-.94-1.029-.94-.584 0-1.009.388-1.009.94z"
            />
          </svg>
          <span
            class="MuiTouchRipple-root css-8je8zh-MuiTouchRipple-root"
          />
        </button>
      </div>
    </div>
    <div
      class="flex w-1/2 my-20 flex-row gap-4"
    >
      <button
        class="px-9 py-2 shadow-md rounded-md text-center text-base font-semibold cursor-pointer hover:brightness-105 outline-none text-white w-1/4 md:w-1/3 lg:w-1/4 xl:w-1/4 sm:w-1/2 bg-teal-400"
        data-testid="add-user-submit-button"
      >
        Submit
      </button>
      <button
        class="px-9 py-2 shadow-md rounded-md text-center text-base font-semibold cursor-pointer hover:brightness-105 outline-none text-white w-1/4 md:w-1/3 lg:w-1/4 xl:w-1/4 sm:w-1/2 bg-rose-500"
        data-testid="add-user-reset-button"
      >
        Reset
      </button>
    </div>
  </form>
</div>
`;

exports[`AddUserForm should display validation errors when inputs are not valid 1`] = `
<div>
  <form
    class="w-11/12 pl-32"
    data-testid="add-user-form"
  >
    <div
      class="flex items-center align-middle my-8"
      data-testid="input-container-name"
    >
      <label
        class="w-1/5 font-sans font-bold subpixel-antialiased text-lg text-gray-600"
      >
        Name
      </label>
      <div
        class="block h-12 min-h-12 max-h-12"
      >
        <input
          class="block px-3 py-1.5 text-base font-normal text-gray-700 bg-zinc-50 bg-clip-padding border border-solid rounded mx-4 focus:outline-blue-200 border-2 border-rose-300"
          data-testid="input-name"
          name="name"
          placeholder="Enter name"
          type="text"
        />
        <div
          class="text-red-500 text-xs font-sans subpixel-antialiased mx-4 w-64 absolute"
          data-testid="input-error-name"
        >
          Name is required
        </div>
      </div>
    </div>
    <div
      class="flex items-center align-middle my-8"
      data-testid="input-container-userName"
    >
      <label
        class="w-1/5 font-sans font-bold subpixel-antialiased text-lg text-gray-600"
      >
        Username
      </label>
      <div
        class="block h-12 min-h-12 max-h-12"
      >
        <input
          class="block px-3 py-1.5 text-base font-normal text-gray-700 bg-zinc-50 bg-clip-padding border border-solid rounded mx-4 focus:outline-blue-200 border-2 border-rose-300"
          data-testid="input-userName"
          name="userName"
          placeholder="Enter username"
          type="text"
        />
        <div
          class="text-red-500 text-xs font-sans subpixel-antialiased mx-4 w-64 absolute"
          data-testid="input-error-userName"
        >
          Username is required
        </div>
      </div>
    </div>
    <div
      class="flex items-center align-middle my-8"
      data-testid="input-container-password"
    >
      <label
        class="w-1/5 font-sans font-bold subpixel-antialiased text-lg text-gray-600"
      >
        Password
      </label>
      <div
        class="block h-12 min-h-12 max-h-12"
      >
        <input
          class="block px-3 py-1.5 text-base font-normal text-gray-700 bg-zinc-50 bg-clip-padding border border-solid rounded mx-4 focus:outline-blue-200 border-2 border-rose-300"
          data-testid="input-password"
          name="password"
          placeholder="Enter password"
          type="password"
        />
        <div
          class="text-red-500 text-xs font-sans subpixel-antialiased mx-4 w-64 absolute"
          data-testid="input-error-password"
        >
          Password is required
        </div>
      </div>
      <div
        class="block h-12 min-h-12 max-h-12"
      >
        <input
          class="block px-3 py-1.5 text-base font-normal text-gray-700 bg-zinc-50 bg-clip-padding border border-solid rounded mx-4 focus:outline-blue-200 border-gray-300"
          data-testid="input-confirmPassword"
          name="confirmPassword"
          placeholder="Confirm password"
          type="password"
        />
      </div>
    </div>
    <div
      class="flex items-center align-middle my-8"
      data-testid="input-container-role"
    >
      <label
        class="w-1/5 font-sans font-bold subpixel-antialiased text-lg text-gray-600"
      >
        User role
      </label>
      <div
        class="w-1/2 flex items-center align-middle mx-4"
      >
        <select
          class="font-sans rounded-md shadow-md font-semibold p-2 border-2 border-gray-200 outline-none"
          data-testid="input-role"
        >
          <option
            data-testid="options"
            selected=""
            value="ADMIN"
          >
            ADMIN
          </option>
          <option
            data-testid="options"
            value="MANAGER"
          >
            MANAGER
          </option>
          <option
            data-testid="options"
            value="VIEWER"
          >
            VIEWER
          </option>
        </select>
        <button
          aria-label="No description available"
          class="MuiButtonBase-root MuiIconButton-root MuiIconButton-sizeMedium css-78trlr-MuiButtonBase-root-MuiIconButton-root"
          data-mui-internal-clone-element="true"
          data-testid="user-role-tooltip"
          tabindex="0"
          type="button"
        >
          <svg
            class="text-gray-500 text-2xl"
            fill="currentColor"
            height="1em"
            stroke="currentColor"
            stroke-width="0"
            viewBox="0 0 16 16"
            width="1em"
            xmlns="http://www.w3.org/2000/svg"
          >
            <path
              d="M8 15A7 7 0 1 1 8 1a7 7 0 0 1 0 14zm0 1A8 8 0 1 0 8 0a8 8 0 0 0 0 16z"
            />
            <path
              d="M5.255 5.786a.237.237 0 0 0 .241.247h.825c.138 0 .248-.113.266-.25.09-.656.54-1.134 1.342-1.134.686 0 1.314.343 1.314 1.168 0 .635-.374.927-.965 1.371-.673.489-1.206 1.06-1.168 1.987l.003.217a.25.25 0 0 0 .25.246h.811a.25.25 0 0 0 .25-.25v-.105c0-.718.273-.927 1.01-1.486.609-.463 1.244-.977 1.244-2.056 0-1.511-1.276-2.241-2.673-2.241-1.267 0-2.655.59-2.75 2.286zm1.557 5.763c0 .533.425.927 1.01.927.609 0 1.028-.394 1.028-.927 0-.552-.42-.94-1.029-.94-.584 0-1.009.388-1.009.94z"
            />
          </svg>
          <span
            class="MuiTouchRipple-root css-8je8zh-MuiTouchRipple-root"
          />
        </button>
      </div>
    </div>
    <div
      class="flex w-1/2 my-20 flex-row gap-4"
    >
      <button
        class="px-9 py-2 shadow-md rounded-md text-center text-base font-semibold cursor-pointer hover:brightness-105 outline-none text-white w-1/4 md:w-1/3 lg:w-1/4 xl:w-1/4 sm:w-1/2 bg-teal-400"
        data-testid="add-user-submit-button"
      >
        Submit
      </button>
      <button
        class="px-9 py-2 shadow-md rounded-md text-center text-base font-semibold cursor-pointer hover:brightness-105 outline-none text-white w-1/4 md:w-1/3 lg:w-1/4 xl:w-1/4 sm:w-1/2 bg-rose-500"
        data-testid="add-user-reset-button"
      >
        Reset
      </button>
    </div>
  </form>
</div>
`;

exports[`AddUserForm should render add user form with all elements 1`] = `
<div>
  <form
    class="w-11/12 pl-32"
    data-testid="add-user-form"
  >
    <div
      class="flex items-center align-middle my-8"
      data-testid="input-container-name"
    >
      <label
        class="w-1/5 font-sans font-bold subpixel-antialiased text-lg text-gray-600"
      >
        Name
      </label>
      <div
        class="block h-12 min-h-12 max-h-12"
      >
        <input
          class="block px-3 py-1.5 text-base font-normal text-gray-700 bg-zinc-50 bg-clip-padding border border-solid rounded mx-4 focus:outline-blue-200 border-gray-300"
          data-testid="input-name"
          name="name"
          placeholder="Enter name"
          type="text"
        />
      </div>
    </div>
    <div
      class="flex items-center align-middle my-8"
      data-testid="input-container-userName"
    >
      <label
        class="w-1/5 font-sans font-bold subpixel-antialiased text-lg text-gray-600"
      >
        Username
      </label>
      <div
        class="block h-12 min-h-12 max-h-12"
      >
        <input
          class="block px-3 py-1.5 text-base font-normal text-gray-700 bg-zinc-50 bg-clip-padding border border-solid rounded mx-4 focus:outline-blue-200 border-gray-300"
          data-testid="input-userName"
          name="userName"
          placeholder="Enter username"
          type="text"
        />
      </div>
    </div>
    <div
      class="flex items-center align-middle my-8"
      data-testid="input-container-password"
    >
      <label
        class="w-1/5 font-sans font-bold subpixel-antialiased text-lg text-gray-600"
      >
        Password
      </label>
      <div
        class="block h-12 min-h-12 max-h-12"
      >
        <input
          class="block px-3 py-1.5 text-base font-normal text-gray-700 bg-zinc-50 bg-clip-padding border border-solid rounded mx-4 focus:outline-blue-200 border-gray-300"
          data-testid="input-password"
          name="password"
          placeholder="Enter password"
          type="password"
        />
      </div>
      <div
        class="block h-12 min-h-12 max-h-12"
      >
        <input
          class="block px-3 py-1.5 text-base font-normal text-gray-700 bg-zinc-50 bg-clip-padding border border-solid rounded mx-4 focus:outline-blue-200 border-gray-300"
          data-testid="input-confirmPassword"
          name="confirmPassword"
          placeholder="Confirm password"
          type="password"
        />
      </div>
    </div>
    <div
      class="flex items-center align-middle my-8"
      data-testid="input-container-role"
    >
      <label
        class="w-1/5 font-sans font-bold subpixel-antialiased text-lg text-gray-600"
      >
        User role
      </label>
      <div
        class="w-1/2 flex items-center align-middle mx-4"
      >
        <select
          class="font-sans rounded-md shadow-md font-semibold p-2 border-2 border-gray-200 outline-none"
          data-testid="input-role"
        >
          <option
            data-testid="options"
            selected=""
            value="ADMIN"
          >
            ADMIN
          </option>
          <option
            data-testid="options"
            value="MANAGER"
          >
            MANAGER
          </option>
          <option
            data-testid="options"
            value="VIEWER"
          >
            VIEWER
          </option>
        </select>
        <button
          aria-label="No description available"
          class="MuiButtonBase-root MuiIconButton-root MuiIconButton-sizeMedium css-78trlr-MuiButtonBase-root-MuiIconButton-root"
          data-mui-internal-clone-element="true"
          data-testid="user-role-tooltip"
          tabindex="0"
          type="button"
        >
          <svg
            class="text-gray-500 text-2xl"
            fill="currentColor"
            height="1em"
            stroke="currentColor"
            stroke-width="0"
            viewBox="0 0 16 16"
            width="1em"
            xmlns="http://www.w3.org/2000/svg"
          >
            <path
              d="M8 15A7 7 0 1 1 8 1a7 7 0 0 1 0 14zm0 1A8 8 0 1 0 8 0a8 8 0 0 0 0 16z"
            />
            <path
              d="M5.255 5.786a.237.237 0 0 0 .241.247h.825c.138 0 .248-.113.266-.25.09-.656.54-1.134 1.342-1.134.686 0 1.314.343 1.314 1.168 0 .635-.374.927-.965 1.371-.673.489-1.206 1.06-1.168 1.987l.003.217a.25.25 0 0 0 .25.246h.811a.25.25 0 0 0 .25-.25v-.105c0-.718.273-.927 1.01-1.486.609-.463 1.244-.977 1.244-2.056 0-1.511-1.276-2.241-2.673-2.241-1.267 0-2.655.59-2.75 2.286zm1.557 5.763c0 .533.425.927 1.01.927.609 0 1.028-.394 1.028-.927 0-.552-.42-.94-1.029-.94-.584 0-1.009.388-1.009.94z"
            />
          </svg>
          <span
            class="MuiTouchRipple-root css-8je8zh-MuiTouchRipple-root"
          />
        </button>
      </div>
    </div>
    <div
      class="flex w-1/2 my-20 flex-row gap-4"
    >
      <button
        class="px-9 py-2 shadow-md rounded-md text-center text-base font-semibold cursor-pointer hover:brightness-105 outline-none text-white w-1/4 md:w-1/3 lg:w-1/4 xl:w-1/4 sm:w-1/2 bg-teal-400"
        data-testid="add-user-submit-button"
      >
        Submit
      </button>
      <button
        class="px-9 py-2 shadow-md rounded-md text-center text-base font-semibold cursor-pointer hover:brightness-105 outline-none text-white w-1/4 md:w-1/3 lg:w-1/4 xl:w-1/4 sm:w-1/2 bg-rose-500"
        data-testid="add-user-reset-button"
      >
        Reset
      </button>
    </div>
  </form>
</div>
`;

exports[`AddUserForm should reset form on clicking reset button 1`] = `
<div>
  <form
    class="w-11/12 pl-32"
    data-testid="add-user-form"
  >
    <div
      class="flex items-center align-middle my-8"
      data-testid="input-container-name"
    >
      <label
        class="w-1/5 font-sans font-bold subpixel-antialiased text-lg text-gray-600"
      >
        Name
      </label>
      <div
        class="block h-12 min-h-12 max-h-12"
      >
        <input
          class="block px-3 py-1.5 text-base font-normal text-gray-700 bg-zinc-50 bg-clip-padding border border-solid rounded mx-4 focus:outline-blue-200 border-gray-300"
          data-testid="input-name"
          name="name"
          placeholder="Enter name"
          type="text"
        />
      </div>
    </div>
    <div
      class="flex items-center align-middle my-8"
      data-testid="input-container-userName"
    >
      <label
        class="w-1/5 font-sans font-bold subpixel-antialiased text-lg text-gray-600"
      >
        Username
      </label>
      <div
        class="block h-12 min-h-12 max-h-12"
      >
        <input
          class="block px-3 py-1.5 text-base font-normal text-gray-700 bg-zinc-50 bg-clip-padding border border-solid rounded mx-4 focus:outline-blue-200 border-gray-300"
          data-testid="input-userName"
          name="userName"
          placeholder="Enter username"
          type="text"
        />
      </div>
    </div>
    <div
      class="flex items-center align-middle my-8"
      data-testid="input-container-password"
    >
      <label
        class="w-1/5 font-sans font-bold subpixel-antialiased text-lg text-gray-600"
      >
        Password
      </label>
      <div
        class="block h-12 min-h-12 max-h-12"
      >
        <input
          class="block px-3 py-1.5 text-base font-normal text-gray-700 bg-zinc-50 bg-clip-padding border border-solid rounded mx-4 focus:outline-blue-200 border-gray-300"
          data-testid="input-password"
          name="password"
          placeholder="Enter password"
          type="password"
        />
      </div>
      <div
        class="block h-12 min-h-12 max-h-12"
      >
        <input
          class="block px-3 py-1.5 text-base font-normal text-gray-700 bg-zinc-50 bg-clip-padding border border-solid rounded mx-4 focus:outline-blue-200 border-gray-300"
          data-testid="input-confirmPassword"
          name="confirmPassword"
          placeholder="Confirm password"
          type="password"
        />
      </div>
    </div>
    <div
      class="flex items-center align-middle my-8"
      data-testid="input-container-role"
    >
      <label
        class="w-1/5 font-sans font-bold subpixel-antialiased text-lg text-gray-600"
      >
        User role
      </label>
      <div
        class="w-1/2 flex items-center align-middle mx-4"
      >
        <select
          class="font-sans rounded-md shadow-md font-semibold p-2 border-2 border-gray-200 outline-none"
          data-testid="input-role"
        >
          <option
            data-testid="options"
            selected=""
            value="ADMIN"
          >
            ADMIN
          </option>
          <option
            data-testid="options"
            value="MANAGER"
          >
            MANAGER
          </option>
          <option
            data-testid="options"
            value="VIEWER"
          >
            VIEWER
          </option>
        </select>
        <button
          aria-label="No description available"
          class="MuiButtonBase-root MuiIconButton-root MuiIconButton-sizeMedium css-78trlr-MuiButtonBase-root-MuiIconButton-root"
          data-mui-internal-clone-element="true"
          data-testid="user-role-tooltip"
          tabindex="0"
          type="button"
        >
          <svg
            class="text-gray-500 text-2xl"
            fill="currentColor"
            height="1em"
            stroke="currentColor"
            stroke-width="0"
            viewBox="0 0 16 16"
            width="1em"
            xmlns="http://www.w3.org/2000/svg"
          >
            <path
              d="M8 15A7 7 0 1 1 8 1a7 7 0 0 1 0 14zm0 1A8 8 0 1 0 8 0a8 8 0 0 0 0 16z"
            />
            <path
              d="M5.255 5.786a.237.237 0 0 0 .241.247h.825c.138 0 .248-.113.266-.25.09-.656.54-1.134 1.342-1.134.686 0 1.314.343 1.314 1.168 0 .635-.374.927-.965 1.371-.673.489-1.206 1.06-1.168 1.987l.003.217a.25.25 0 0 0 .25.246h.811a.25.25 0 0 0 .25-.25v-.105c0-.718.273-.927 1.01-1.486.609-.463 1.244-.977 1.244-2.056 0-1.511-1.276-2.241-2.673-2.241-1.267 0-2.655.59-2.75 2.286zm1.557 5.763c0 .533.425.927 1.01.927.609 0 1.028-.394 1.028-.927 0-.552-.42-.94-1.029-.94-.584 0-1.009.388-1.009.94z"
            />
          </svg>
          <span
            class="MuiTouchRipple-root css-8je8zh-MuiTouchRipple-root"
          />
        </button>
      </div>
    </div>
    <div
      class="flex w-1/2 my-20 flex-row gap-4"
    >
      <button
        class="px-9 py-2 shadow-md rounded-md text-center text-base font-semibold cursor-pointer hover:brightness-105 outline-none text-white w-1/4 md:w-1/3 lg:w-1/4 xl:w-1/4 sm:w-1/2 bg-teal-400"
        data-testid="add-user-submit-button"
      >
        Submit
      </button>
      <button
        class="px-9 py-2 shadow-md rounded-md text-center text-base font-semibold cursor-pointer hover:brightness-105 outline-none text-white w-1/4 md:w-1/3 lg:w-1/4 xl:w-1/4 sm:w-1/2 bg-rose-500"
        data-testid="add-user-reset-button"
      >
        Reset
      </button>
    </div>
  </form>
</div>
`;

exports[`AddUserForm should show error banner when getUserRoles call fails 1`] = `
<div>
  <div
    class="p-3 my-10 text-center bg-red-200 border-2 border-red-200 mx-auto text-red-600 font-sans w-3/4 font-semibold rounded-lg text-lg"
    data-testid="user-role-error"
  >
    Failed to fetch user roles
  </div>
</div>
`;

exports[`AddUserForm should show error notification when addNewUser api call fails 1`] = `
<div>
  <form
    class="w-11/12 pl-32"
    data-testid="add-user-form"
  >
    <div
      class="flex items-center align-middle my-8"
      data-testid="input-container-name"
    >
      <label
        class="w-1/5 font-sans font-bold subpixel-antialiased text-lg text-gray-600"
      >
        Name
      </label>
      <div
        class="block h-12 min-h-12 max-h-12"
      >
        <input
          class="block px-3 py-1.5 text-base font-normal text-gray-700 bg-zinc-50 bg-clip-padding border border-solid rounded mx-4 focus:outline-blue-200 border-gray-300"
          data-testid="input-name"
          name="name"
          placeholder="Enter name"
          type="text"
        />
      </div>
    </div>
    <div
      class="flex items-center align-middle my-8"
      data-testid="input-container-userName"
    >
      <label
        class="w-1/5 font-sans font-bold subpixel-antialiased text-lg text-gray-600"
      >
        Username
      </label>
      <div
        class="block h-12 min-h-12 max-h-12"
      >
        <input
          class="block px-3 py-1.5 text-base font-normal text-gray-700 bg-zinc-50 bg-clip-padding border border-solid rounded mx-4 focus:outline-blue-200 border-gray-300"
          data-testid="input-userName"
          name="userName"
          placeholder="Enter username"
          type="text"
        />
      </div>
    </div>
    <div
      class="flex items-center align-middle my-8"
      data-testid="input-container-password"
    >
      <label
        class="w-1/5 font-sans font-bold subpixel-antialiased text-lg text-gray-600"
      >
        Password
      </label>
      <div
        class="block h-12 min-h-12 max-h-12"
      >
        <input
          class="block px-3 py-1.5 text-base font-normal text-gray-700 bg-zinc-50 bg-clip-padding border border-solid rounded mx-4 focus:outline-blue-200 border-gray-300"
          data-testid="input-password"
          name="password"
          placeholder="Enter password"
          type="password"
        />
      </div>
      <div
        class="block h-12 min-h-12 max-h-12"
      >
        <input
          class="block px-3 py-1.5 text-base font-normal text-gray-700 bg-zinc-50 bg-clip-padding border border-solid rounded mx-4 focus:outline-blue-200 border-gray-300"
          data-testid="input-confirmPassword"
          name="confirmPassword"
          placeholder="Confirm password"
          type="password"
        />
      </div>
    </div>
    <div
      class="flex items-center align-middle my-8"
      data-testid="input-container-role"
    >
      <label
        class="w-1/5 font-sans font-bold subpixel-antialiased text-lg text-gray-600"
      >
        User role
      </label>
      <div
        class="w-1/2 flex items-center align-middle mx-4"
      >
        <select
          class="font-sans rounded-md shadow-md font-semibold p-2 border-2 border-gray-200 outline-none"
          data-testid="input-role"
        >
          <option
            data-testid="options"
            selected=""
            value="ADMIN"
          >
            ADMIN
          </option>
          <option
            data-testid="options"
            value="MANAGER"
          >
            MANAGER
          </option>
          <option
            data-testid="options"
            value="VIEWER"
          >
            VIEWER
          </option>
        </select>
        <button
          aria-label="Manager can create and manage mocks, but cannot manage users"
          class="MuiButtonBase-root MuiIconButton-root MuiIconButton-sizeMedium css-78trlr-MuiButtonBase-root-MuiIconButton-root"
          data-mui-internal-clone-element="true"
          data-testid="user-role-tooltip"
          tabindex="0"
          type="button"
        >
          <svg
            class="text-gray-500 text-2xl"
            fill="currentColor"
            height="1em"
            stroke="currentColor"
            stroke-width="0"
            viewBox="0 0 16 16"
            width="1em"
            xmlns="http://www.w3.org/2000/svg"
          >
            <path
              d="M8 15A7 7 0 1 1 8 1a7 7 0 0 1 0 14zm0 1A8 8 0 1 0 8 0a8 8 0 0 0 0 16z"
            />
            <path
              d="M5.255 5.786a.237.237 0 0 0 .241.247h.825c.138 0 .248-.113.266-.25.09-.656.54-1.134 1.342-1.134.686 0 1.314.343 1.314 1.168 0 .635-.374.927-.965 1.371-.673.489-1.206 1.06-1.168 1.987l.003.217a.25.25 0 0 0 .25.246h.811a.25.25 0 0 0 .25-.25v-.105c0-.718.273-.927 1.01-1.486.609-.463 1.244-.977 1.244-2.056 0-1.511-1.276-2.241-2.673-2.241-1.267 0-2.655.59-2.75 2.286zm1.557 5.763c0 .533.425.927 1.01.927.609 0 1.028-.394 1.028-.927 0-.552-.42-.94-1.029-.94-.584 0-1.009.388-1.009.94z"
            />
          </svg>
          <span
            class="MuiTouchRipple-root css-8je8zh-MuiTouchRipple-root"
          />
        </button>
      </div>
    </div>
    <div
      class="flex w-1/2 my-20 flex-row gap-4"
    >
      <button
        class="px-9 py-2 shadow-md rounded-md text-center text-base font-semibold cursor-pointer hover:brightness-105 outline-none text-white w-1/4 md:w-1/3 lg:w-1/4 xl:w-1/4 sm:w-1/2 bg-teal-400"
        data-testid="add-user-submit-button"
      >
        Submit
      </button>
      <button
        class="px-9 py-2 shadow-md rounded-md text-center text-base font-semibold cursor-pointer hover:brightness-105 outline-none text-white w-1/4 md:w-1/3 lg:w-1/4 xl:w-1/4 sm:w-1/2 bg-rose-500"
        data-testid="add-user-reset-button"
      >
        Reset
      </button>
    </div>
  </form>
</div>
`;
