// Jest Snapshot v1, https://goo.gl/fbAQLP

exports[`AddMockFrom should render AddMockForm with all input fields 1`] = `
<div>
  <div
    class="w-full h-full mx-10"
    data-testid="add-mock-form"
  >
    <div
      class="flex items-center align-middle my-8"
      data-testid="form-item-name"
    >
      <label
        class="w-1/5 font-sans font-bold subpixel-antialiased text-lg text-gray-600"
      >
        Mock name
      </label>
      <div
        class="block h-12 min-h-12 max-h-12"
      >
        <input
          class="block px-3 py-1.5 text-base font-normal text-gray-700 bg-zinc-50 bg-clip-padding border border-solid rounded mx-4 focus:outline-blue-200 border-gray-300"
          data-testid="input-name"
          name="name"
          placeholder="Enter mock name"
          type="text"
        />
      </div>
    </div>
    <div
      class="flex items-center align-middle my-8"
      data-testid="form-item-description"
    >
      <label
        class="w-1/5 font-sans font-bold subpixel-antialiased text-lg text-gray-600"
      >
        Mock description
      </label>
      <div
        class="block h-12 min-h-12 max-h-12"
      >
        <input
          class="block px-3 py-1.5 text-base font-normal text-gray-700 bg-zinc-50 bg-clip-padding border border-solid rounded mx-4 focus:outline-blue-200 border-gray-300"
          data-testid="input-description"
          name="description"
          placeholder="Enter mock description"
          type="text"
        />
      </div>
    </div>
    <div
      class="flex items-center align-middle my-8"
      data-testid="form-item-statusCode"
    >
      <label
        class="w-1/5 font-sans font-bold subpixel-antialiased text-lg text-gray-600"
      >
        HTTP Status
      </label>
      <div
        class="block h-12 min-h-12 max-h-12"
      >
        <input
          class="block px-3 py-1.5 text-base font-normal text-gray-700 bg-zinc-50 bg-clip-padding border border-solid rounded mx-4 focus:outline-blue-200 border-gray-300"
          data-testid="input-statusCode"
          name="statusCode"
          placeholder="Enter HTTP status"
          type="text"
        />
      </div>
    </div>
    <div
      class="flex items-center align-middle my-8"
      data-testid="form-item-route"
    >
      <label
        class="w-1/5 font-sans font-bold subpixel-antialiased text-lg text-gray-600"
      >
        Route to mock
      </label>
      <div
        class="block h-12 min-h-12 max-h-12"
      >
        <input
          class="block px-3 py-1.5 text-base font-normal text-gray-700 bg-zinc-50 bg-clip-padding border border-solid rounded mx-4 focus:outline-blue-200 border-gray-300"
          data-testid="input-route"
          name="route"
          placeholder="Enter route to mock"
          type="text"
        />
      </div>
      <button
        class="MuiButtonBase-root MuiIconButton-root MuiIconButton-sizeMedium css-78trlr-MuiButtonBase-root-MuiIconButton-root"
        data-mui-internal-clone-element="true"
        data-testid="route-tooltip"
        tabindex="0"
        type="button"
      >
        <svg
          fill="currentColor"
          height="1em"
          stroke="currentColor"
          stroke-width="0"
          viewBox="0 0 16 16"
          width="1em"
          xmlns="http://www.w3.org/2000/svg"
        >
          <path
            d="M8 15A7 7 0 1 1 8 1a7 7 0 0 1 0 14zm0 1A8 8 0 1 0 8 0a8 8 0 0 0 0 16z"
          />
          <path
            d="M5.255 5.786a.237.237 0 0 0 .241.247h.825c.138 0 .248-.113.266-.25.09-.656.54-1.134 1.342-1.134.686 0 1.314.343 1.314 1.168 0 .635-.374.927-.965 1.371-.673.489-1.206 1.06-1.168 1.987l.003.217a.25.25 0 0 0 .25.246h.811a.25.25 0 0 0 .25-.25v-.105c0-.718.273-.927 1.01-1.486.609-.463 1.244-.977 1.244-2.056 0-1.511-1.276-2.241-2.673-2.241-1.267 0-2.655.59-2.75 2.286zm1.557 5.763c0 .533.425.927 1.01.927.609 0 1.028-.394 1.028-.927 0-.552-.42-.94-1.029-.94-.584 0-1.009.388-1.009.94z"
          />
        </svg>
        <span
          class="MuiTouchRipple-root css-8je8zh-MuiTouchRipple-root"
        />
      </button>
    </div>
    <div
      class="flex items-center align-middle my-8"
      data-testid="http-method-selector"
    >
      <label
        class="w-1/5 font-sans font-bold subpixel-antialiased text-lg text-gray-600"
        data-testid="http-methods-label"
      >
        HTTP Method
      </label>
      <div
        class="mx-4"
      >
        <select
          class="font-sans rounded-md shadow-md font-semibold p-2 border-2 border-gray-200 outline-none"
          data-testid="http-methods"
        >
          <option
            data-testid="options"
            value="GET"
          >
            GET
          </option>
          <option
            data-testid="options"
            value="POST"
          >
            POST
          </option>
          <option
            data-testid="options"
            value="DELETE"
          >
            DELETE
          </option>
        </select>
      </div>
    </div>
    <div
      class="MuiPaper-root MuiPaper-elevation MuiPaper-rounded MuiPaper-elevation1 MuiAccordion-root MuiAccordion-rounded MuiAccordion-gutters w-1/2 my-8 p-2 css-1elwnq4-MuiPaper-root-MuiAccordion-root"
    >
      <div
        aria-controls="panel1a-content"
        aria-expanded="false"
        class="MuiButtonBase-root MuiAccordionSummary-root MuiAccordionSummary-gutters css-sh22l5-MuiButtonBase-root-MuiAccordionSummary-root"
        id="panel1a-header"
        role="button"
        tabindex="0"
      >
        <div
          class="MuiAccordionSummary-content MuiAccordionSummary-contentGutters css-o4b71y-MuiAccordionSummary-content"
        >
          <label
            class="w-11/12 font-sans font-bold subpixel-antialiased text-lg text-gray-600"
          >
            Query Params
          </label>
        </div>
        <div
          class="MuiAccordionSummary-expandIconWrapper css-yw020d-MuiAccordionSummary-expandIconWrapper"
        >
          <svg
            aria-hidden="true"
            class="MuiSvgIcon-root MuiSvgIcon-fontSizeMedium css-i4bv87-MuiSvgIcon-root"
            data-testid="ExpandMoreIcon"
            focusable="false"
            viewBox="0 0 24 24"
          >
            <path
              d="M16.59 8.59 12 13.17 7.41 8.59 6 10l6 6 6-6z"
            />
          </svg>
        </div>
      </div>
      <div
        class="MuiCollapse-root MuiCollapse-vertical MuiCollapse-hidden css-bz4dnt-MuiCollapse-root"
        style="min-height: 0px;"
      >
        <div
          class="MuiCollapse-wrapper MuiCollapse-vertical css-smkl36-MuiCollapse-wrapper"
        >
          <div
            class="MuiCollapse-wrapperInner MuiCollapse-vertical css-9l5vo-MuiCollapse-wrapperInner"
          >
            <div
              aria-labelledby="panel1a-header"
              class="MuiAccordion-region"
              id="panel1a-content"
              role="region"
            >
              <div
                class="MuiAccordionDetails-root css-15v22id-MuiAccordionDetails-root"
              >
                <form
                  class="w-full"
                  data-testid="query-param-form"
                >
                  <div
                    class="MuiToggleButtonGroup-root css-1gjgmky-MuiToggleButtonGroup-root"
                    data-testid="view-mode"
                    role="group"
                  >
                    <button
                      aria-pressed="true"
                      class="MuiButtonBase-root MuiToggleButton-root Mui-selected MuiToggleButton-sizeMedium MuiToggleButton-primary MuiToggleButtonGroup-grouped MuiToggleButtonGroup-groupedHorizontal css-d9c359-MuiButtonBase-root-MuiToggleButton-root"
                      data-testid="view-mode-text"
                      tabindex="0"
                      type="button"
                      value="text"
                    >
                      <svg
                        fill="currentColor"
                        height="1em"
                        stroke="currentColor"
                        stroke-width="0"
                        viewBox="0 0 16 16"
                        width="1em"
                        xmlns="http://www.w3.org/2000/svg"
                      >
                        <path
                          d="M2 10V9h12v1H2zm0-4h12v1H2V6zm12-3v1H2V3h12zM2 12v1h12v-1H2z"
                        />
                      </svg>
                      <span
                        class="MuiTouchRipple-root css-8je8zh-MuiTouchRipple-root"
                      />
                    </button>
                    <button
                      aria-pressed="false"
                      class="MuiButtonBase-root MuiToggleButton-root MuiToggleButton-sizeMedium MuiToggleButton-primary MuiToggleButtonGroup-grouped MuiToggleButtonGroup-groupedHorizontal css-d9c359-MuiButtonBase-root-MuiToggleButton-root"
                      data-testid="view-mode-code"
                      tabindex="0"
                      type="button"
                      value="code"
                    >
                      <svg
                        fill="currentColor"
                        height="1em"
                        stroke="currentColor"
                        stroke-width="0"
                        viewBox="0 0 16 16"
                        width="1em"
                        xmlns="http://www.w3.org/2000/svg"
                      >
                        <path
                          d="M4.708 5.578L2.061 8.224l2.647 2.646-.708.708-3-3V7.87l3-3 .708.708zm7-.708L11 5.578l2.647 2.646L11 10.87l.708.708 3-3V7.87l-3-3zM4.908 13l.894.448 5-10L9.908 3l-5 10z"
                        />
                      </svg>
                      <span
                        class="MuiTouchRipple-root css-8je8zh-MuiTouchRipple-root"
                      />
                    </button>
                  </div>
                  <button
                    aria-label="Add new query param"
                    class="MuiButtonBase-root MuiIconButton-root MuiIconButton-sizeMedium sc-dkPtRN cYtIRe css-78trlr-MuiButtonBase-root-MuiIconButton-root"
                    data-mui-internal-clone-element="true"
                    data-testid="add-param-button"
                    tabindex="0"
                    type="button"
                  >
                    <svg
                      class="cursor-pointer text-green-600 font-sans text-3xl"
                      fill="currentColor"
                      height="1em"
                      stroke="currentColor"
                      stroke-width="0"
                      viewBox="0 0 1024 1024"
                      width="1em"
                      xmlns="http://www.w3.org/2000/svg"
                    >
                      <path
                        d="M512 64C264.6 64 64 264.6 64 512s200.6 448 448 448 448-200.6 448-448S759.4 64 512 64zm192 472c0 4.4-3.6 8-8 8H544v152c0 4.4-3.6 8-8 8h-48c-4.4 0-8-3.6-8-8V544H328c-4.4 0-8-3.6-8-8v-48c0-4.4 3.6-8 8-8h152V328c0-4.4 3.6-8 8-8h48c4.4 0 8 3.6 8 8v152h152c4.4 0 8 3.6 8 8v48z"
                      />
                    </svg>
                    <span
                      class="MuiTouchRipple-root css-8je8zh-MuiTouchRipple-root"
                    />
                  </button>
                  <div
                    class="flex items-center align-middle my-4"
                  >
                    <div
                      class="block h-12 min-h-12 max-h-12"
                    >
                      <input
                        class="block px-3 py-1.5 text-base font-normal text-gray-700 bg-zinc-50 bg-clip-padding border border-solid rounded mx-4 focus:outline-blue-200 border-gray-300"
                        data-testid="queryParam_0_key"
                        placeholder="key"
                        type="text"
                        value=""
                      />
                    </div>
                    <div
                      class="block h-12 min-h-12 max-h-12"
                    >
                      <input
                        class="block px-3 py-1.5 text-base font-normal text-gray-700 bg-zinc-50 bg-clip-padding border border-solid rounded mx-4 focus:outline-blue-200 border-gray-300"
                        data-testid="queryParam_0_value"
                        placeholder="value"
                        type="text"
                        value=""
                      />
                    </div>
                    <button
                      aria-label="Remove param"
                      class="MuiButtonBase-root MuiIconButton-root MuiIconButton-sizeMedium sc-dkPtRN cYtIRe css-78trlr-MuiButtonBase-root-MuiIconButton-root"
                      data-mui-internal-clone-element="true"
                      data-testid="remove-param-tooltip-0"
                      tabindex="0"
                      type="button"
                    >
                      <svg
                        class="cursor-pointer text-red-600 font-sans text-3xl"
                        fill="currentColor"
                        height="1em"
                        stroke="currentColor"
                        stroke-width="0"
                        viewBox="0 0 1024 1024"
                        width="1em"
                        xmlns="http://www.w3.org/2000/svg"
                      >
                        <path
                          d="M512 64C264.6 64 64 264.6 64 512s200.6 448 448 448 448-200.6 448-448S759.4 64 512 64zm192 472c0 4.4-3.6 8-8 8H328c-4.4 0-8-3.6-8-8v-48c0-4.4 3.6-8 8-8h368c4.4 0 8 3.6 8 8v48z"
                        />
                      </svg>
                      <span
                        class="MuiTouchRipple-root css-8je8zh-MuiTouchRipple-root"
                      />
                    </button>
                  </div>
                  <button
                    class="px-9 py-3 shadow-md rounded-md text-center text-base font-semibold cursor-pointer hover:brightness-105 outline-none text-white w-1/4 bg-blue-600"
                    data-testid="save-queryParam-button"
                  >
                    Save
                  </button>
                </form>
              </div>
            </div>
          </div>
        </div>
      </div>
    </div>
  </div>
</div>
`;
