// Jest Snapshot v1, https://goo.gl/fbAQLP

exports[`UserDetails should render user details 1`] = `
<div>
  <div
    class="mx-auto my-10 w-full"
    data-testid="edit-user-details"
  >
    <div
      class="flex items-center align-middle my-8 justify-between"
      data-testid="edit-user-name"
    >
      <div
        class="w-1/5 font-sans font-bold subpixel-antialiased text-lg text-gray-600 mx-20"
      >
        Name
      </div>
      <div
        class="w-1/2 font-sans subpixel-antialiased text-lg text-gray-500 mx-20"
      >
        Tester
      </div>
    </div>
    <div
      class="flex items-center align-middle my-8 justify-between"
      data-testid="edit-user-username"
    >
      <div
        class="w-1/5 font-sans font-bold subpixel-antialiased text-lg text-gray-600 mx-20"
      >
        User Name
      </div>
      <div
        class="w-1/2 font-sans subpixel-antialiased text-lg text-gray-500 mx-20"
      >
        test1
      </div>
    </div>
    <div
      data-testid="edit-user-role"
    >
      <select>
        <option>
          ADMIN
        </option>
        <option>
          MANAGER
        </option>
        <option>
          VIEWER
        </option>
      </select>
    </div>
    <div
      data-testid="edit-user-activation-status"
    >
      <input
        type="checkbox"
      />
      <span>
        Active
      </span>
    </div>
    <div
      class="flex items-center align-middle my-8 justify-between"
      data-testid="edit-user-created-at"
    >
      <div
        class="w-1/5 font-sans font-bold subpixel-antialiased text-lg text-gray-600 mx-20"
      >
        Created on
      </div>
      <div
        class="w-1/2 font-sans subpixel-antialiased text-lg text-gray-500 mx-20"
      >
        28 Apr 2022
      </div>
    </div>
    <div
      data-testid="edit-user-update-password"
    >
      <button>
        Update Password
      </button>
      <span>
        Last updated:
      </span>
    </div>
  </div>
</div>
`;

exports[`UserDetails should show error when getUserInfo call fails 1`] = `
<div>
  <div
    class="p-3 my-10 text-center bg-red-200 border-2 border-red-200 mx-auto text-red-600 font-sans w-3/4 font-semibold rounded-lg text-lg"
    data-testid="edit-user-details-error"
  >
    Failed to fetch user details. Please try again later.
  </div>
</div>
`;
