// Jest Snapshot v1, https://goo.gl/fbAQLP

exports[`ContentArea should render content area component 1`] = `
<div>
  <div
    class="w-full flex flex-row mx-auto mt-6 mb-2 justify-center align-middle px-9"
  >
    <div
      class="flex flex-col justify-start align-middle w-full px-9 mt-4 mb-2"
      data-testid="list-section"
    >
      <span
        class="css-srux5c-LoaderStyle"
      >
        <span
          class="css-ilyd5x"
        />
        <span
          class="css-80tgv6"
        />
      </span>
    </div>
  </div>
</div>
`;
