// Jest Snapshot v1, https://goo.gl/fbAQLP

exports[`DetailToolbar should render detail toolbar component 1`] = `
<div>
  <div
    class="flex flex-row justify-between align-middle w-full mt-4 mb-2"
    data-testid="detail-toolbar-container"
  >
    <a
      class="sc-bdvvtL px-2 py-2 mx-1 hover:bg-gray-100"
      data-testid="back-btn"
      href="/mimock-ui/mocks"
      id="back-btn"
    >
      <span
        class="inline-flex items-center justify-between gap-2 text-lg text-gray-600"
      >
        <svg
          class="text-2xl text-gray-600"
          fill="currentColor"
          height="1em"
          stroke="currentColor"
          stroke-width="0"
          viewBox="0 0 512 512"
          width="1em"
          xmlns="http://www.w3.org/2000/svg"
        >
          <path
            d="M256 504C119 504 8 393 8 256S119 8 256 8s248 111 248 248-111 248-248 248zm28.9-143.6L209.4 288H392c13.3 0 24-10.7 24-24v-16c0-13.3-10.7-24-24-24H209.4l75.5-72.4c9.7-9.3 9.9-24.8.4-34.3l-11-10.9c-9.4-9.4-24.6-9.4-33.9 0L107.7 239c-9.4 9.4-9.4 24.6 0 33.9l132.7 132.7c9.4 9.4 24.6 9.4 33.9 0l11-10.9c9.5-9.5 9.3-25-.4-34.3z"
          />
        </svg>
         
        Back
      </span>
    </a>
    <div
      class="inline-flex items-center justify-between"
      data-testid="operations-container"
    />
  </div>
</div>
`;
