// Jest Snapshot v1, https://goo.gl/fbAQLP

exports[`Toolbar should render toolbar component 1`] = `
<div>
  <div
    class="w-11/12 flex flex-row mx-auto mt-4 mb-2 justify-center align-middle"
    data-testid="toolbar-section"
  >
    <button
      class="px-9 py-2 mx-auto shadow-md rounded-md text-center text-base font-semibold cursor-pointer hover:brightness-110 h-10 my-auto rounded-sm text-sm text-white w-fit bg-gray-500"
      data-testid="more-tools-btn"
    >
      Tools
    </button>
    <div
      class="w-5/6 flex flex-row mx-auto justify-end align-middle px-2"
    >
      <div
        class="flex flex-col mx-2 my-2 w-1/6"
      >
        <label
          class="text-gray-400 text-xs"
          for="sort-element"
        >
          Sort By:
        </label>
        <select
          class="w-full justify-center border-2 rounded-sm border-gray-200 text-teal-500 outline-none mx-2 my-2"
          data-testid="sort-element"
          id="sort-element"
        >
          <option
            class="bg-white truncate rounded-sm outline-none text-gray-400"
            disabled=""
            hidden=""
            selected=""
            value=""
          >
            Choose...
          </option>
          <option
            class="bg-white truncate rounded-sm outline-none text-gray-400"
          >
            Mock Name
          </option>
          <option
            class="bg-white truncate rounded-sm outline-none text-gray-400"
          >
            Http Method
          </option>
          <option
            class="bg-white truncate rounded-sm outline-none text-gray-400"
          >
            Status Code
          </option>
          <option
            class="bg-white truncate rounded-sm outline-none text-gray-400"
          >
            Route
          </option>
          <option
            class="bg-white truncate rounded-sm outline-none text-gray-400"
          >
            Time Created
          </option>
        </select>
      </div>
      <div
        class="flex flex-col mx-2 my-2 w-1/6"
      >
        <label
          class="text-gray-400 text-xs"
          for="group-element"
        >
          Group By:
        </label>
        <select
          class="w-full justify-center border-2 rounded-sm border-gray-200 text-teal-500 outline-none mx-2 my-2"
          data-testid="group-element"
          id="group-element"
        >
          <option
            class="bg-white truncate rounded-sm outline-none text-gray-400"
            disabled=""
            hidden=""
            selected=""
            value=""
          >
            Choose...
          </option>
          <option
            class="bg-white truncate rounded-sm outline-none text-gray-400"
          >
            Mock Name
          </option>
          <option
            class="bg-white truncate rounded-sm outline-none text-gray-400"
          >
            Http Method
          </option>
          <option
            class="bg-white truncate rounded-sm outline-none text-gray-400"
          >
            Status Code
          </option>
        </select>
      </div>
      <button
        class="px-9 py-2 mx-auto shadow-md rounded-md text-center text-base font-semibold cursor-pointer hover:brightness-110 h-10 ml-8 mr-2 mt-5 mb-2 px-2 py-1 rounded-sm text-sm text-white w-1/6 bg-teal-500"
        data-testid="add-btn"
      >
        Add Mock
      </button>
    </div>
  </div>
  <hr />
</div>
`;
