// Jest Snapshot v1, https://goo.gl/fbAQLP

exports[`List should render list component 1`] = `
<div>
  <div
    class="flex flex-col justify-center align-middle w-full px-9"
    data-testid="list-section"
  >
    <div
      class="p-3 my-10 text-center bg-white border-2 border-gray-200 mx-auto w-full rounded-sm shadow-sm inline-flex items-center justify-center select-none"
    >
      <img
        class="w-12 h-12"
        src=""
      />
      <span
        class="text-xl text-teal-600 font-sans font-semibold ml-4"
      >
        No mocks to display!!!
      </span>
    </div>
  </div>
</div>
`;
